 
 
*               * * * * * * * * * * * * * * * * * * * * * * * *                 
*               *                                             *                 
*               *    Program:  LaGriT V3.004   Linux m64      *                 
*               *    date_compile: 2012/02/15  gfort 4.5      *                 
*               *    Run Time: 2012/Mar  9  09:48:18          *                 
*               *    Manual:   http://lagrit.lanl.gov         *                 
*               *                                             *                 
*               * * * * * * * * * * * * * * * * * * * * * * * *                 
 
                               -----oOo-----                                    
LaGriT Copyright: This program was prepared by Los Alamos National Security, LLC
at Los Alamos National Laboratory (LANL) under contract No. DE-AC52-06NA25396   
with the U.S. Department of Energy (DOE). All rights in the program are reserved
by the DOE and Los Alamos National Security, LLC. Permission is granted to the  
public to copy and use this software without charge, provided that this Notice  
and any statement of authorship are reproduced on all copies. Neither the       
U.S. Government nor LANS makes any warranty, express or implied, or assumes     
any liability or responsibility for the use of this software.                   
                               -----oOo-----                                    
 
 
Output log file: outx3dgen                                                      
Command log file: logx3dgen                                                     
 
# cmo / readatt                                                                 
# created Mar 7 2012 tamiller@lanl.gov                                          
#---------------------------------------------                                  
# read file with user added attributes                                          
cmo create cmo1                                                                 
cmo/readatt/cmo1/xic,yic,zic,x1,x2,x3,x4/add///input.dat                        
readatt reading     7 values from each line.                                    
readatt filling attribute: xic                                                  
readatt filling attribute: yic                                                  
readatt filling attribute: zic                                                  
readatt adding attribute: x1                                                    
cmo/addatt/cmo1/x1/VDOUBLE/scalar/nnodes/linear/permanent/gxaf/0.0              
finish                                                                          
readatt filling attribute: x1                                                   
readatt adding attribute: x2                                                    
cmo/addatt/cmo1/x2/VDOUBLE/scalar/nnodes/linear/permanent/gxaf/0.0              
finish                                                                          
readatt filling attribute: x2                                                   
readatt adding attribute: x3                                                    
cmo/addatt/cmo1/x3/VDOUBLE/scalar/nnodes/linear/permanent/gxaf/0.0              
finish                                                                          
readatt filling attribute: x3                                                   
readatt adding attribute: x4                                                    
cmo/addatt/cmo1/x4/VDOUBLE/scalar/nnodes/linear/permanent/gxaf/0.0              
finish                                                                          
readatt filling attribute: x4                                                   
cmo/status/cmo1 brief                                                           
 
The current-mesh-object(CMO) is: cmo1                                           
 
  1 Mesh Object name: cmo1                                                      
    number of nodes =             6        number of elements =            0    
    dimensions geometry =         3        element type =                tet    
    dimensions topology =         3        4 nodes      4 faces      6 edges    
    boundary flag =        16000000        status =                   active    
 
 
finish                                                                          
END readatt:     7 attribute values from               6 lines.                 
 
cmo printatt cmo1 -xyz-                                                         
Warning: nelements = 0                                                          
Attribute: xic                                                                  
         1  4.99075E+05                                                         
         2  4.99100E+05                                                         
         3  4.99075E+05                                                         
         4  4.99100E+05                                                         
         5  4.99100E+05                                                         
         6  4.99050E+05                                                         
Attribute: yic                                                                  
         1  5.26575E+05                                                         
         2  5.26575E+05                                                         
         3  5.26600E+05                                                         
         4  5.26600E+05                                                         
         5  5.26675E+05                                                         
         6  5.26700E+05                                                         
Attribute: zic                                                                  
         1  0.00000E+00                                                         
         2  0.00000E+00                                                         
         3  0.00000E+00                                                         
         4  1.10000E+00                                                         
         5  9.00000E-02                                                         
         6  1.00000E-01                                                         
 
cmo status cmo1                                                                 
 
The current-mesh-object(CMO) is: cmo1                                           
 
  1 Mesh Object name: cmo1                                                      
    number of nodes =             6        number of elements =            0    
    dimensions geometry =         3        element type =                tet    
    dimensions topology =         3        4 nodes      4 faces      6 edges    
    boundary flag =        16000000        status =                   active    
 
          NAME     TYPE     RANK        LENGTH      INTER PERSI IO   VALUE      
 
  1           -def- VDOU     scalar          nnodes linea tempo agl  0.000E+00  
  2          scalar  INT     scalar          scalar const perma   l  1.000E+00  
  3          vector  INT     scalar          scalar const perma   l  3.000E+00  
  4          nnodes  INT     scalar          scalar const perma   l  6.000E+00  
  5          nedges  INT     scalar          scalar const perma   l  0.000E+00  
  6          nfaces  INT     scalar          scalar const perma   l  0.000E+00  
  7       nelements  INT     scalar          scalar const perma   l  0.000E+00  
  8          mbndry  INT     scalar          scalar const perma   l  1.600E+07  
  9 ndimensions_top  INT     scalar          scalar const perma   l  3.000E+00  
 10 ndimensions_geo  INT     scalar          scalar const perma   l  3.000E+00  
 11 nodes_per_eleme  INT     scalar          scalar const perma   l  4.000E+00  
 12 edges_per_eleme  INT     scalar          scalar const perma   l  6.000E+00  
 13 faces_per_eleme  INT     scalar          scalar const perma   l  4.000E+00  
 14          isetwd VDOU     scalar          nnodes    or perma   l  0.000E+00  
 15          ialias VINT     scalar          nnodes seque perma   l  0.000E+00  
 16            imt1 VINT     scalar          nnodes   max perma gal  0.000E+00  
 17            itp1 VINT     scalar          nnodes   min perma gal  0.000E+00  
 18            icr1 VINT     scalar          nnodes   min perma gal  0.000E+00  
 19            isn1 VINT     scalar          nnodes  user perma gal  0.000E+00  
 20             xic VDOU     scalar          nnodes linea perma   l  0.000E+00  
 21             yic VDOU     scalar          nnodes linea perma   l  0.000E+00  
 22             zic VDOU     scalar          nnodes linea perma   l  0.000E+00  
 23          xtetwd VDOU     scalar       nelements    or perma   l  0.000E+00  
 24         itetclr VINT     scalar       nelements  user perma   l  0.000E+00  
 25         itettyp VINT     scalar       nelements  user perma   l  0.000E+00  
 26         itetoff VINT     scalar       nelements  user perma   l  0.000E+00  
 27         jtetoff VINT     scalar       nelements  user perma   l  0.000E+00  
 28            itet VINT nodes_per_       nelements  user perma   l  0.000E+00  
 29            jtet VINT faces_per_       nelements  user perma   l  0.000E+00  
 30        ipolydat CHAR     scalar          scalar const perma   l yes         
 31           vor2d CHAR     scalar          scalar const perma   l yes         
 32           vor3d CHAR     scalar          scalar const perma   l no          
 33         epsilon REAL     scalar          scalar const perma   l  1.000E-15  
 34        epsilonl REAL     scalar          scalar const perma   l  1.000E-08  
 35        epsilona REAL     scalar          scalar const perma   l  1.000E-08  
 36        epsilonv REAL     scalar          scalar const perma   l  1.000E-08  
 37         ipointi  INT     scalar          scalar const perma   l  0.000E+00  
 38         ipointj  INT     scalar          scalar const perma   l  0.000E+00  
 39          idebug  INT     scalar          scalar const perma   l  0.000E+00  
 40     itypconv_sm  INT     scalar          scalar const perma   l  1.000E+00  
 41      maxiter_sm  INT     scalar          scalar const perma   l  2.500E+01  
 42      tolconv_sm REAL     scalar          scalar const perma   l  1.000E+00  
 43          nnfreq  INT     scalar          scalar const perma   l  1.000E+00  
 44        ivoronoi  INT     scalar          scalar const perma   l  1.000E+00  
 45        iopt2to2  INT     scalar          scalar const perma   l  2.000E+00  
 46        dumptype CHAR     scalar          scalar const perma   l binary      
 47         velname CHAR     scalar          scalar const perma   l vels        
 48        densname CHAR     scalar          scalar const perma   l ric         
 49        presname CHAR     scalar          scalar const perma   l pic         
 50        enername CHAR     scalar          scalar const perma   l eic         
 51            xmin REAL     scalar          scalar const perma   l -1.000E+00  
 52            ymin REAL     scalar          scalar const perma   l -1.000E+00  
 53            zmin REAL     scalar          scalar const perma   l -1.000E+00  
 54            xmax REAL     scalar          scalar const perma   l  1.000E+00  
 55            ymax REAL     scalar          scalar const perma   l  1.000E+00  
 56            zmax REAL     scalar          scalar const perma   l  1.000E+00  
 57    kdtree_level  INT     scalar          scalar const perma   l  0.000E+00  
 58 max_number_sets  INT     scalar          scalar const perma   l  6.400E+01  
 59 number_of_psets  INT     scalar          scalar const perma   l  0.000E+00  
 60 number_of_eltse  INT     scalar          scalar const perma   l  0.000E+00  
 61       psetnames VCHA     scalar max_number_sets const perma   l             
 62     eltsetnames VCHA     scalar max_number_sets const perma   l             
 63       geom_name CHAR     scalar max_number_sets const perma   l -defaultge  
 64       fsetnames VCHA     scalar max_number_sets const perma   l             
 65 number_of_fsets  INT     scalar          scalar const perma   l  0.000E+00  
 66              x1 VDOU     scalar          nnodes linea perma gxa  0.000E+00  
 67              x2 VDOU     scalar          nnodes linea perma gxa  0.000E+00  
 68              x3 VDOU     scalar          nnodes linea perma gxa  0.000E+00  
 69              x4 VDOU     scalar          nnodes linea perma gxa  0.000E+00  
cmo printatt cmo1 -all- minmax                                                  
Warning: nelements = 0                                                          
ATTRIBUTE NAME              MIN               MAX         DIFFERENCE    LENGTH  
 -def-              0.000000000E+00  0.000000000E+00 0.000000000E+00         6  
 scalar                           1                1               0         1  
 vector                           3                3               0         1  
 nnodes                           6                6               0         1  
 nedges                           0                0               0         1  
 nfaces                           0                0               0         1  
 nelements                        0                0               0         1  
 mbndry                    16000000         16000000               0         1  
 ndimensions_topo                 3                3               0         1  
 ndimensions_geom                 3                3               0         1  
 nodes_per_element                4                4               0         1  
 edges_per_element                6                6               0         1  
 faces_per_element                4                4               0         1  
 isetwd                           0                0               0         6  
 ialias                           0                0               0         6  
 imt1                             0                0               0         6  
 itp1                             0                0               0         6  
 icr1                             0                0               0         6  
 isn1                             0                0               0         6  
 xic                4.990500000E+05  4.991000000E+05 5.000000000E+01         6  
 yic                5.265750000E+05  5.267000000E+05 1.250000000E+02         6  
 zic                0.000000000E+00  1.100000000E+00 1.100000000E+00         6  
 0 length attribute: xtetwd                                                     
 0 length attribute: itetclr                                                    
 0 length attribute: itettyp                                                    
 0 length attribute: itetoff                                                    
 0 length attribute: jtetoff                                                    
 0 length attribute: itet                                                       
 0 length attribute: jtet                                                       
 epsilon            1.000000004E-15  1.000000004E-15 0.000000000E+00         1  
 epsilonl           9.999999939E-09  9.999999939E-09 0.000000000E+00         1  
 epsilona           9.999999939E-09  9.999999939E-09 0.000000000E+00         1  
 epsilonv           9.999999939E-09  9.999999939E-09 0.000000000E+00         1  
 ipointi                          0                0               0         1  
 ipointj                          0                0               0         1  
 idebug                           0                0               0         1  
 itypconv_sm                      1                1               0         1  
 maxiter_sm                      25               25               0         1  
 tolconv_sm         1.000000000E+00  1.000000000E+00 0.000000000E+00         1  
 nnfreq                           1                1               0         1  
 ivoronoi                         1                1               0         1  
 iopt2to2                         2                2               0         1  
 xmin              -1.000000000E+00 -1.000000000E+00 0.000000000E+00         1  
 ymin              -1.000000000E+00 -1.000000000E+00 0.000000000E+00         1  
 zmin              -1.000000000E+00 -1.000000000E+00 0.000000000E+00         1  
 xmax               1.000000000E+00  1.000000000E+00 0.000000000E+00         1  
 ymax               1.000000000E+00  1.000000000E+00 0.000000000E+00         1  
 zmax               1.000000000E+00  1.000000000E+00 0.000000000E+00         1  
 kdtree_level                     0                0               0         1  
 max_number_sets                 64               64               0         1  
 number_of_psets                  0                0               0         1  
 number_of_eltsets                0                0               0         1  
 number_of_fsets                  0                0               0         1  
 x1                 1.000000000E+00  1.000000000E+00 0.000000000E+00         6  
 x2                 2.000000000E+00  2.000000000E+00 0.000000000E+00         6  
 x3                 3.000000000E+00  3.000000000E+00 0.000000000E+00         6  
 x4                 1.000000000E+00  6.000000000E+00 5.000000000E+00         6  
 
dump avs output1.inp cmo1                                                       
cmo/modatt/-def-/-def-/ioflag/x                                                 
finish                                                                          
cmo delete cmo1                                                                 
     Released Mesh Object: cmo1                                                 
#---------------------------------------------                                  
# use add command for 0 points                                                  
cmo create cmo1                                                                 
cmo/readatt/cmo1/xic,yic,zic,xvalue/add///input_dylan.dat                       
readatt reading     4 values from each line.                                    
readatt filling attribute: xic                                                  
readatt filling attribute: yic                                                  
readatt filling attribute: zic                                                  
readatt adding attribute: xvalue                                                
cmo/addatt/cmo1/xvalue/VDOUBLE/scalar/nnodes/linear/permanent/gxaf/0.0          
finish                                                                          
readatt filling attribute: xvalue                                               
cmo/status/cmo1 brief                                                           
 
The current-mesh-object(CMO) is: cmo1                                           
 
  1 Mesh Object name: cmo1                                                      
    number of nodes =            10        number of elements =            0    
    dimensions geometry =         3        element type =                tet    
    dimensions topology =         3        4 nodes      4 faces      6 edges    
    boundary flag =        16000000        status =                   active    
 
 
finish                                                                          
END readatt:     4 attribute values from              10 lines.                 
 
cmo printatt cmo1 -all- minmax                                                  
Warning: nelements = 0                                                          
ATTRIBUTE NAME              MIN               MAX         DIFFERENCE    LENGTH  
 -def-              0.000000000E+00  0.000000000E+00 0.000000000E+00        10  
 scalar                           1                1               0         1  
 vector                           3                3               0         1  
 nnodes                          10               10               0         1  
 nedges                           0                0               0         1  
 nfaces                           0                0               0         1  
 nelements                        0                0               0         1  
 mbndry                    16000000         16000000               0         1  
 ndimensions_topo                 3                3               0         1  
 ndimensions_geom                 3                3               0         1  
 nodes_per_element                4                4               0         1  
 edges_per_element                6                6               0         1  
 faces_per_element                4                4               0         1  
 isetwd                           0                0               0        10  
 ialias                           0                0               0        10  
 imt1                             0                0               0        10  
 itp1                             0                0               0        10  
 icr1                             0                0               0        10  
 isn1                             0                0               0        10  
 xic                2.500000000E+01  4.750000000E+02 4.500000000E+02        10  
 yic                2.500000000E+01  2.500000000E+01 0.000000000E+00        10  
 zic                1.000000000E+01  1.000000000E+01 0.000000000E+00        10  
 0 length attribute: xtetwd                                                     
 0 length attribute: itetclr                                                    
 0 length attribute: itettyp                                                    
 0 length attribute: itetoff                                                    
 0 length attribute: jtetoff                                                    
 0 length attribute: itet                                                       
 0 length attribute: jtet                                                       
 epsilon            1.000000004E-15  1.000000004E-15 0.000000000E+00         1  
 epsilonl           9.999999939E-09  9.999999939E-09 0.000000000E+00         1  
 epsilona           9.999999939E-09  9.999999939E-09 0.000000000E+00         1  
 epsilonv           9.999999939E-09  9.999999939E-09 0.000000000E+00         1  
 ipointi                          0                0               0         1  
 ipointj                          0                0               0         1  
 idebug                           0                0               0         1  
 itypconv_sm                      1                1               0         1  
 maxiter_sm                      25               25               0         1  
 tolconv_sm         1.000000000E+00  1.000000000E+00 0.000000000E+00         1  
 nnfreq                           1                1               0         1  
 ivoronoi                         1                1               0         1  
 iopt2to2                         2                2               0         1  
 xmin              -1.000000000E+00 -1.000000000E+00 0.000000000E+00         1  
 ymin              -1.000000000E+00 -1.000000000E+00 0.000000000E+00         1  
 zmin              -1.000000000E+00 -1.000000000E+00 0.000000000E+00         1  
 xmax               1.000000000E+00  1.000000000E+00 0.000000000E+00         1  
 ymax               1.000000000E+00  1.000000000E+00 0.000000000E+00         1  
 zmax               1.000000000E+00  1.000000000E+00 0.000000000E+00         1  
 kdtree_level                     0                0               0         1  
 max_number_sets                 64               64               0         1  
 number_of_psets                  0                0               0         1  
 number_of_eltsets                0                0               0         1  
 number_of_fsets                  0                0               0         1  
 xvalue             0.000000000E+00  1.900000000E-02 1.900000000E-02        10  
 
dump gmv output_dylan.gmv cmo1 ascii                                            
cmo/modatt/-def-/-def-/ioflag/x                                                 
finish                                                                          
dump avs output_dylan.inp cmo1                                                  
cmo/modatt/-def-/-def-/ioflag/x                                                 
finish                                                                          
#---------------------------------------------                                  
# use add command adding to 10 points                                           
cmo/readatt/cmo1/xic,yic,zic,xvalue/add///input_dylan.dat                       
readatt reading     4 values from each line.                                    
readatt filling attribute: xic                                                  
readatt filling attribute: yic                                                  
readatt filling attribute: zic                                                  
readatt filling attribute: xvalue                                               
cmo/status/cmo1 brief                                                           
 
The current-mesh-object(CMO) is: cmo1                                           
 
  1 Mesh Object name: cmo1                                                      
    number of nodes =            20        number of elements =            0    
    dimensions geometry =         3        element type =                tet    
    dimensions topology =         3        4 nodes      4 faces      6 edges    
    boundary flag =        16000000        status =                   active    
 
 
finish                                                                          
END readatt:     4 attribute values from              10 lines.                 
 
cmo printatt cmo1 -all- minmax                                                  
Warning: nelements = 0                                                          
ATTRIBUTE NAME              MIN               MAX         DIFFERENCE    LENGTH  
 -def-              0.000000000E+00  0.000000000E+00 0.000000000E+00        20  
 scalar                           1                1               0         1  
 vector                           3                3               0         1  
 nnodes                          20               20               0         1  
 nedges                           0                0               0         1  
 nfaces                           0                0               0         1  
 nelements                        0                0               0         1  
 mbndry                    16000000         16000000               0         1  
 ndimensions_topo                 3                3               0         1  
 ndimensions_geom                 3                3               0         1  
 nodes_per_element                4                4               0         1  
 edges_per_element                6                6               0         1  
 faces_per_element                4                4               0         1  
 isetwd                           0                0               0        20  
 ialias                           0                0               0        20  
 imt1                             0                0               0        20  
 itp1                             0                0               0        20  
 icr1                             0                0               0        20  
 isn1                             0                0               0        20  
 xic                2.500000000E+01  4.750000000E+02 4.500000000E+02        20  
 yic                2.500000000E+01  2.500000000E+01 0.000000000E+00        20  
 zic                1.000000000E+01  1.000000000E+01 0.000000000E+00        20  
 0 length attribute: xtetwd                                                     
 0 length attribute: itetclr                                                    
 0 length attribute: itettyp                                                    
 0 length attribute: itetoff                                                    
 0 length attribute: jtetoff                                                    
 0 length attribute: itet                                                       
 0 length attribute: jtet                                                       
 epsilon            1.000000004E-15  1.000000004E-15 0.000000000E+00         1  
 epsilonl           9.999999939E-09  9.999999939E-09 0.000000000E+00         1  
 epsilona           9.999999939E-09  9.999999939E-09 0.000000000E+00         1  
 epsilonv           9.999999939E-09  9.999999939E-09 0.000000000E+00         1  
 ipointi                          1                1               0         1  
 ipointj                         10               10               0         1  
 idebug                           0                0               0         1  
 itypconv_sm                      1                1               0         1  
 maxiter_sm                      25               25               0         1  
 tolconv_sm         1.000000000E+00  1.000000000E+00 0.000000000E+00         1  
 nnfreq                           1                1               0         1  
 ivoronoi                         1                1               0         1  
 iopt2to2                         2                2               0         1  
 xmin              -1.000000000E+00 -1.000000000E+00 0.000000000E+00         1  
 ymin              -1.000000000E+00 -1.000000000E+00 0.000000000E+00         1  
 zmin              -1.000000000E+00 -1.000000000E+00 0.000000000E+00         1  
 xmax               1.000000000E+00  1.000000000E+00 0.000000000E+00         1  
 ymax               1.000000000E+00  1.000000000E+00 0.000000000E+00         1  
 zmax               1.000000000E+00  1.000000000E+00 0.000000000E+00         1  
 kdtree_level                     0                0               0         1  
 max_number_sets                 64               64               0         1  
 number_of_psets                  0                0               0         1  
 number_of_eltsets                0                0               0         1  
 number_of_fsets                  0                0               0         1  
 xvalue             0.000000000E+00  1.900000000E-02 1.900000000E-02        20  
 
dump gmv output_dylan_add.gmv cmo1 ascii                                        
cmo/modatt/-def-/-def-/ioflag/x                                                 
finish                                                                          
dump avs output_dylan_add.inp cmo1                                              
cmo/modatt/-def-/-def-/ioflag/x                                                 
finish                                                                          
cmo delete cmo1                                                                 
     Released Mesh Object: cmo1                                                 
#---------------------------------------------                                  
# read into created quad mesh 14261 values                                      
define MINX 498000.                                                             
define MAXX 500500.                                                             
define MINY 537000.                                                             
define MAXY 540500.                                                             
define NX 101                                                                   
define NY 141                                                                   
cmo/create/cmoquad///quad                                                       
quadxy NX NY/MINX MINY 0./MAXX MINY 0./MAXX MAXY 0./MINX MAXY 0.                
  QUADXY GENERATED POINTS         1 TO     14241                                
rzbrick/xyz/NX,NY,1/1,0,0/connect                                               
          Number of nodes:       14241                                          
          Number of elements:       14000                                       
          Number of negative volume elements:           0                       
          Total volume:     0.875000000000E+07                                  
cmo/setatt/cmoquad/itetclr 1                                                    
     14000 values reset for attribute itetclr                                   
 
cmo/setatt/cmoquad/ipolydat no                                                  
         1 values reset for attribute ipolydat                                  
 
cmo/readatt/cmoquad/xic,yic,zic/1,0,0/input_ev.dat                              
readatt reading     5 values from each line.                                    
readatt filling attribute: xic                                                  
readatt filling attribute: yic                                                  
readatt filling attribute: zic                                                  
cmo/status/cmoquad brief                                                        
 
The current-mesh-object(CMO) is: cmoquad                                        
 
  1 Mesh Object name: cmoquad                                                   
    number of nodes =         14241        number of elements =        14000    
    dimensions geometry =         3        element type =                qua    
    dimensions topology =         2        4 nodes      4 faces      4 edges    
    boundary flag =        16000000        status =                   active    
 
 
finish                                                                          
END readatt:     5 attribute values from           14241 lines.                 
 
dump avs2 output_ev.inp cmoquad 1 1 0 0                                         
cmo/modatt/-def-/-def-/ioflag/x                                                 
finish                                                                          
dump gmv output_ev.gmv cmoquad                                                  
cmo/modatt/-def-/-def-/ioflag/x                                                 
finish                                                                          
cmo/printatt/cmoquad/-xyz- minmax                                               
ATTRIBUTE NAME              MIN               MAX         DIFFERENCE    LENGTH  
 xic                4.980000000E+05  5.005000000E+05 2.500000000E+03     14241  
 yic                5.370000000E+05  5.405000000E+05 3.500000000E+03     14241  
 zic                1.638043335E+03  1.856468628E+03 2.184252930E+02     14241  
 
cmo/delete/cmoquad                                                              
     Released Mesh Object: cmoquad                                              
#---------------------------------------------                                  
# read file with tab spacing                                                    
cmo create cmo1                                                                 
cmo printatt cmo1 -xyz-                                                         
npoints = 0 in subroutine cmo_setatt                                            
Warning: nelements = 0                                                          
 0 length attribute: xic                                                        
 0 length attribute: yic                                                        
 0 length attribute: zic                                                        
 
cmo readatt cmo1/xic yic/1,0,0/input_tab.dat                                    
readatt reading     1 values from each line.                                    
 
ERROR: read found unallowed type:     3                                         
ERROR character string at line          1                                       
END readatt:     1 attribute values from               0 lines.                 
 
ERROR readatt: early exit. -2                                                   
 
error in command : cmo readatt cmo1/xic yic/1,0,0/input_tab.dat                 
cmo printatt cmo1 -xyz-                                                         
npoints = 0 in subroutine cmo_setatt                                            
Warning: nelements = 0                                                          
 0 length attribute: xic                                                        
 0 length attribute: yic                                                        
 0 length attribute: zic                                                        
 
cmo delete cmo1                                                                 
     Released Mesh Object: cmo1                                                 
#---------------------------------------------                                  
# read same file with bad number of values                                      
cmo create cmo1                                                                 
cmo readatt cmo1/xic yic/1,0,0/input_bad.dat                                    
readatt reading     7 values from each line.                                    
 
ERROR: read found     3 values but expected     7                               
 
END readatt:     7 attribute values from               2 lines.                 
 
ERROR readatt: early exit. -2                                                   
 
error in command : cmo readatt cmo1/xic yic/1,0,0/input_bad.dat                 
cmo printatt cmo1 -xyz-                                                         
npoints = 0 in subroutine cmo_setatt                                            
Warning: nelements = 0                                                          
 0 length attribute: xic                                                        
 0 length attribute: yic                                                        
 0 length attribute: zic                                                        
 
cmo delete cmo1                                                                 
     Released Mesh Object: cmo1                                                 
#---------------------------------------------                                  
finish                                                                          
LaGriT successfully completed                                                   
